{
    "version": 3,
    "sources": [
        "css/simple.css",
        "css/std.css",
        "css/unusual.css"
    ],
    "names": [],
    "mappings": "AAAA;IACA,UAAA;IACA,WAAA;CACA;;AAEA;IACA,cAAA;IACA,cAAA;CACA;ACRA;IACA,YAAA;IACA,qCAAA;CACA;AACA;IACA,oBAEA;CACA;ACRA;IACA,oCAEA;CACA",
    "file": "concated.css",
    "sourceRoot": ".."
}